
26-03-18 08:41:53-07 [-] LockHandler on Kanaka(account 1): access type 'examine' changed from 'examine:perm(Admin)' to 'examine:perm(Admin)' 
LockHandler on Kanaka(account 1): access type 'edit' changed from 'edit:perm(Admin)' to 'edit:perm(Admin)' 
LockHandler on Kanaka(account 1): access type 'delete' changed from 'delete:perm(Admin)' to 'delete:perm(Admin)' 
LockHandler on Kanaka(account 1): access type 'boot' changed from 'boot:perm(Admin)' to 'boot:perm(Admin)' 
LockHandler on Kanaka(account 1): access type 'msg' changed from 'msg:all()' to 'msg:all()' 
LockHandler on Kanaka(account 1): access type 'noidletimeout' changed from 'noidletimeout:perm(Builder) or perm(noidletimeout)' to 'noidletimeout:perm(Builder) or perm(noidletimeout)'
26-03-18 08:41:53-07 [-] LockHandler on Kanaka(account 1): access type 'examine' changed from 'examine:perm(Admin)' to 'examine:perm(Developer)' 
LockHandler on Kanaka(account 1): access type 'edit' changed from 'edit:perm(Admin)' to 'edit:false()' 
LockHandler on Kanaka(account 1): access type 'delete' changed from 'delete:perm(Admin)' to 'delete:false()' 
LockHandler on Kanaka(account 1): access type 'boot' changed from 'boot:perm(Admin)' to 'boot:false()' 
LockHandler on Kanaka(account 1): access type 'msg' changed from 'msg:all()' to 'msg:all()'
26-03-18 08:41:53-07 [-] LockHandler on Kanaka: access type 'get' changed from 'get:all()' to 'get:false()' 
LockHandler on Kanaka: access type 'call' changed from 'call:true()' to 'call:false()' 
LockHandler on Kanaka: access type 'teleport' changed from 'teleport:true()' to 'teleport:perm(Admin)' 
LockHandler on Kanaka: access type 'teleport_here' changed from 'teleport_here:true()' to 'teleport_here:perm(Admin)'
26-03-18 08:41:53-07 [-] LockHandler on Kanaka: access type 'puppet' changed from 'puppet:pperm(Developer)' to 'puppet:pid(1) or id(Kanaka) or perm(Developer) or pperm(Developer)' 
LockHandler on Kanaka: access type 'delete' changed from 'delete:perm(Admin)' to 'delete:pid(1) or perm(Admin)' 
LockHandler on Kanaka: access type 'edit' changed from 'edit:perm(Admin)' to 'edit:pid(1) or perm(Admin)'
26-03-18 08:41:53-07 [-] LockHandler on Kanaka: access type 'puppet' changed from 'puppet:pid(1) or id(Kanaka) or perm(Developer) or pperm(Developer)' to 'puppet:id(1) or pid(1) or perm(Developer) or pperm(Developer)' 
LockHandler on Kanaka: access type 'delete' changed from 'delete:pid(1) or perm(Admin)' to 'delete:id(1) or perm(Admin)'
26-03-18 08:41:53-07 [-] LockHandler on Kanaka: access type 'examine' changed from 'examine:perm(Builder)' to 'examine:perm(Developer)' 
LockHandler on Kanaka: access type 'edit' changed from 'edit:pid(1) or perm(Admin)' to 'edit:false()' 
LockHandler on Kanaka: access type 'delete' changed from 'delete:id(1) or perm(Admin)' to 'delete:false()' 
LockHandler on Kanaka: access type 'puppet' changed from 'puppet:id(1) or pid(1) or perm(Developer) or pperm(Developer)' to 'puppet:false()'
26-03-18 08:41:53-07 [-] LockHandler on Limbo: access type 'get' changed from 'get:all()' to 'get:false()' 
LockHandler on Limbo: access type 'puppet' changed from 'puppet:pperm(Developer)' to 'puppet:false()' 
LockHandler on Limbo: access type 'teleport' changed from 'teleport:true()' to 'teleport:false()' 
LockHandler on Limbo: access type 'teleport_here' changed from 'teleport_here:true()' to 'teleport_here:true()'
26-03-18 08:41:53-07 [-] LockHandler on Channel 'MudInfo' (None): access type 'control' changed from 'control:perm(Admin)' to 'control:perm(Developer)' 
LockHandler on Channel 'MudInfo' (None): access type 'listen' changed from 'listen:all()' to 'listen:perm(Admin)' 
LockHandler on Channel 'MudInfo' (None): access type 'send' changed from 'send:all()' to 'send:false()'
26-03-18 08:41:53-07 [-] LockHandler on Channel 'Public' (None): access type 'control' changed from 'control:perm(Admin)' to 'control:perm(Admin)' 
LockHandler on Channel 'Public' (None): access type 'listen' changed from 'listen:all()' to 'listen:all()' 
LockHandler on Channel 'Public' (None): access type 'send' changed from 'send:all()' to 'send:all()'
26-03-18 08:46:08-07 [-] LockHandler on A Test Room: access type 'get' changed from 'get:all()' to 'get:false()' 
LockHandler on A Test Room: access type 'puppet' changed from 'puppet:pperm(Developer)' to 'puppet:false()' 
LockHandler on A Test Room: access type 'teleport' changed from 'teleport:true()' to 'teleport:false()' 
LockHandler on A Test Room: access type 'teleport_here' changed from 'teleport_here:true()' to 'teleport_here:true()'
26-03-18 08:46:08-07 [-] LockHandler on A Test Room: access type 'control' changed from 'control:perm(Developer)' to 'control:id(1) or perm(Admin)' 
LockHandler on A Test Room: access type 'delete' changed from 'delete:perm(Admin)' to 'delete:id(1) or perm(Admin)' 
LockHandler on A Test Room: access type 'edit' changed from 'edit:perm(Admin)' to 'edit:id(1) or perm(Admin)'
26-03-18 08:46:08-07 [-] LockHandler on north: access type 'puppet' changed from 'puppet:pperm(Developer)' to 'puppet:false()' 
LockHandler on north: access type 'get' changed from 'get:all()' to 'get:false()' 
LockHandler on north: access type 'teleport' changed from 'teleport:true()' to 'teleport:false()' 
LockHandler on north: access type 'teleport_here' changed from 'teleport_here:true()' to 'teleport_here:false()'
26-03-18 08:46:08-07 [-] LockHandler on north: access type 'control' changed from 'control:perm(Developer)' to 'control:id(1) or perm(Admin)' 
LockHandler on north: access type 'delete' changed from 'delete:perm(Admin)' to 'delete:id(1) or perm(Admin)' 
LockHandler on north: access type 'edit' changed from 'edit:perm(Admin)' to 'edit:id(1) or perm(Admin)'
26-03-18 08:46:08-07 [-] LockHandler on south: access type 'puppet' changed from 'puppet:pperm(Developer)' to 'puppet:false()' 
LockHandler on south: access type 'get' changed from 'get:all()' to 'get:false()' 
LockHandler on south: access type 'teleport' changed from 'teleport:true()' to 'teleport:false()' 
LockHandler on south: access type 'teleport_here' changed from 'teleport_here:true()' to 'teleport_here:false()'
26-03-18 08:46:08-07 [-] LockHandler on south: access type 'control' changed from 'control:perm(Developer)' to 'control:id(1) or perm(Admin)' 
LockHandler on south: access type 'delete' changed from 'delete:perm(Admin)' to 'delete:id(1) or perm(Admin)' 
LockHandler on south: access type 'edit' changed from 'edit:perm(Admin)' to 'edit:id(1) or perm(Admin)'
26-03-18 08:46:13-07 [-] LockHandler on @lock: access type 'cmd' changed from 'cmd:all()' to 'cmd: perm(locks) or perm(Builder)'
26-03-18 08:46:13-07 [-] LockHandler on @tasks: access type 'cmd' changed from 'cmd:all()' to 'cmd:perm(Developer)'
26-03-18 08:46:13-07 [-] LockHandler on @tunnel: access type 'cmd' changed from 'cmd:all()' to 'cmd: perm(tunnel) or perm(Builder)'