2026-03-18 08:41:53 [..] Loaded.
2026-03-18 08:41:52 [..] Loading C:\Dev\Evennia\venv\Lib\site-packages\evennia\server\server.py...
2026-03-18 08:41:53 [..] Loaded.
2026-03-18 08:41:53 [..] twistd 24.11.0 (C:\Dev\Evennia\venv\Scripts\python.exe 3.12.10) starting up.
2026-03-18 08:41:53 [..] reactor class: twisted.internet.selectreactor.SelectReactor.
2026-03-18 08:41:53 [..] Webserver starting on 4005
2026-03-18 08:41:53 [..] Initial setup: Creating objects (Account #1 and Limbo room) ...
2026-03-18 08:41:53 [SS] Character Created: Kanaka (Caller: Kanaka(account 1), IP: None).
2026-03-18 08:41:53 [..] Initial setup: Running at_initial_setup() hook.
2026-03-18 08:41:53 [..] Initial setup: Gathering static resources using 'collectstatic'
None2026-03-18 08:41:53 [..] 0 static files copied to 'C:\Dev\Evennia\soravelon\server\.static', 207 unmodified.
2026-03-18 08:41:53 [..] Initial setup complete. Restarting Server once.
2026-03-18 08:41:53 [..] Evennia Server successfully started.
2026-03-18 08:41:54 [..] Server disconnected from the portal.
2026-03-18 08:41:54 [..] Main loop terminated.
2026-03-18 08:41:54 [..] Server Shut Down.
2026-03-18 08:41:54 [..] Server Shut Down.
2026-03-18 08:41:56 [..] Loaded.
2026-03-18 08:41:55 [..] Loading C:\Dev\Evennia\venv\Lib\site-packages\evennia\server\server.py...
2026-03-18 08:41:56 [..] Loaded.
2026-03-18 08:41:56 [..] twistd 24.11.0 (C:\Dev\Evennia\venv\Scripts\python.exe 3.12.10) starting up.
2026-03-18 08:41:56 [..] reactor class: twisted.internet.selectreactor.SelectReactor.
2026-03-18 08:41:56 [..] Webserver starting on 4005
2026-03-18 08:41:56 [..] Evennia Server successfully restarted in 'reset' mode.
2026-03-18 08:42:05 [..] Server disconnected from the portal.
2026-03-18 08:42:05 [..] Main loop terminated.
2026-03-18 08:42:05 [..] Server Shut Down.
2026-03-18 08:42:05 [..] Server Shut Down.
2026-03-18 08:44:33 [..] Loaded.
2026-03-18 08:44:32 [..] Loading C:\Dev\Evennia\venv\Lib\site-packages\evennia\server\server.py...
2026-03-18 08:44:33 [..] Loaded.
2026-03-18 08:44:33 [..] twistd 24.11.0 (C:\Dev\Evennia\venv\Scripts\python.exe 3.12.10) starting up.
2026-03-18 08:44:33 [..] reactor class: twisted.internet.selectreactor.SelectReactor.
2026-03-18 08:44:33 [..] Webserver starting on 4005
2026-03-18 08:44:33 [..] Evennia Server successfully started.
2026-03-18 08:44:55 [WW] ip_from_request: No valid IP address found in request. Using remote_addr.
2026-03-18 08:45:01 [WW] ip_from_request: No valid IP address found in request. Using remote_addr.
2026-03-18 08:45:15 [SS] Authentication Success: Kanaka(account 1) (IP: 127.0.0.1).
2026-03-18 08:45:15 [..] Logged in: Kanaka(account 1) 127.0.0.1 (1 session(s) total)
2026-03-18 09:24:22 [..] Logged out: Kanaka(account 1) 127.0.0.1 (0 sessions(s) remaining)
